[remove-bg.ai/upload]
[backblue.gif]
[fade.gif]
[index.html]
[remove-bg.ai/preview.jpg]
[remove-bg.ai/favicon/favicon.ico]
[remove-bg.ai/favicon/apple-touch-icon.png]
[remove-bg.ai/favicon/favicon-32x32.png]
[remove-bg.ai/favicon/favicon-16x16.png]
[remove-bg.ai/vi/upload]
[remove-bg.ai/id/upload]
[remove-bg.ai/pt/upload]
[remove-bg.ai/ms/upload]
[remove-bg.ai/cs/upload]
[remove-bg.ai/es/upload]
[remove-bg.ai/fr/upload]
[remove-bg.ai/de/upload]
[remove-bg.ai/el/upload]
[remove-bg.ai/hu/upload]
[remove-bg.ai/it/upload]
[remove-bg.ai/nl/upload]
[remove-bg.ai/th/upload]
[remove-bg.ai/tr/upload]
[remove-bg.ai/uk/upload]
[remove-bg.ai/ru/upload]
[remove-bg.ai/ko/upload]
[remove-bg.ai/ja/upload]
[remove-bg.ai/ar/upload]
[remove-bg.ai/_next/static/css/ab973ffae220b348.css]
[remove-bg.ai/_next/static/css/cecdbce2880c059c.css]
[remove-bg.ai/_next/static/chunks/polyfills-c67a75d1b6f99dc8.js]
[remove-bg.ai/_next/static/chunks/webpack-9e83667c87905533.js]
[remove-bg.ai/_next/static/chunks/framework-79bce4a3a540b080.js]
[remove-bg.ai/_next/static/chunks/main-ece382be93e7ef76.js]
[remove-bg.ai/_next/static/chunks/pages/_app-10c4e5068d988cda.js]
[remove-bg.ai/_next/static/chunks/8240-80dc411ffb31330c.js]
[remove-bg.ai/_next/static/chunks/8719-53010b9ac88d3974.js]
[remove-bg.ai/_next/static/chunks/6513-9fb8157f00aff813.js]
[remove-bg.ai/_next/static/chunks/6875-4ce6244e2a65d284.js]
[remove-bg.ai/_next/static/chunks/3341-5109d3d89b3c4e8e.js]
[remove-bg.ai/_next/static/chunks/2711-e724632505230a12.js]
[remove-bg.ai/_next/static/chunks/pages/upload-f72269aabd76b401.js]
[remove-bg.ai/_next/static/-z_mND7IxVlITo9b-k9Xx/_buildManifest.js]
[remove-bg.ai/upload]
[remove-bg.ai/vi/upload]
[remove-bg.ai/id/upload]
[remove-bg.ai/pt/upload]
[remove-bg.ai/ms/upload]
[remove-bg.ai/cs/upload]
[remove-bg.ai/es/upload]
[remove-bg.ai/fr/upload]
[remove-bg.ai/de/upload]
[remove-bg.ai/el/upload]
[remove-bg.ai/hu/upload]
[remove-bg.ai/it/upload]
[remove-bg.ai/nl/upload]
[remove-bg.ai/th/upload]
[remove-bg.ai/tr/upload]
[remove-bg.ai/uk/upload]
[remove-bg.ai/ru/upload]
[remove-bg.ai/ko/upload]
[remove-bg.ai/ja/upload]
[remove-bg.ai/ar/upload]
[remove-bg.ai/_next/static/-z_mND7IxVlITo9b-k9Xx/_ssgManifest.js]
[assets.remove-bg.ai/images/brush.29.delayed]
[remove-bg.ai/_next/static/css/ab973ffae220b348.css]
[remove-bg.ai/_next/static/css/cecdbce2880c059c.css]
[assets.remove-bg.ai/images/brush.png]
